// Jest Snapshot v1, https://goo.gl/fbAQLP

exports[`renders correctly 1`] = `
<span
  className="ant-input-group-wrapper ant-input-group-wrapper-lg ant-input-search ant-input-search-enter-button ant-input-search-large"
>
  <span
    className="ant-input-wrapper ant-input-group"
  >
    <input
      className="ant-input ant-input-lg"
      onBlur={[Function]}
      onChange={[Function]}
      onFocus={[Function]}
      onKeyDown={[Function]}
      placeholder="Category Search"
      style={null}
      type="text"
      value=""
    />
    <span
      className="ant-input-group-addon"
    >
      <button
        className="ant-btn ant-btn-primary ant-btn-lg ant-input-search-button"
        onClick={[Function]}
        onMouseDown={[Function]}
        type="button"
      >
        <span>
          Search
        </span>
      </button>
    </span>
  </span>
</span>
`;
